java

scala
